--------------------------------------------------------------------------------
Release 14.7 Trace  (nt64)
Copyright (c) 1995-2013 Xilinx, Inc.  All rights reserved.

C:\Xilinx\14.7\ISE_DS\ISE\bin\nt64\unwrapped\trce.exe -intstyle ise -v 3 -s 2
-n 3 -fastpaths -xml ALU.twx ALU.ncd -o ALU.twr ALU.pcf

Design file:              ALU.ncd
Physical constraint file: ALU.pcf
Device,package,speed:     xc6slx16,csg324,C,-2 (PRODUCTION 1.23 2013-10-13)
Report level:             verbose report

Environment Variable      Effect 
--------------------      ------ 
NONE                      No environment variables were set
--------------------------------------------------------------------------------

INFO:Timing:2698 - No timing constraints found, doing default enumeration.
INFO:Timing:3412 - To improve timing, see the Timing Closure User Guide (UG612).
INFO:Timing:2752 - To get complete path coverage, use the unconstrained paths 
   option. All paths that are not constrained will be reported in the 
   unconstrained paths section(s) of the report.
INFO:Timing:3339 - The clock-to-out numbers in this timing report are based on 
   a 50 Ohm transmission line loading model.  For the details of this model, 
   and for more information on accounting for different loading conditions, 
   please see the device datasheet.



Data Sheet report:
-----------------
All values displayed in nanoseconds (ns)

Pad to Pad
---------------+---------------+---------+
Source Pad     |Destination Pad|  Delay  |
---------------+---------------+---------+
A<0>           |Output<0>      |   16.843|
A<0>           |Output<1>      |   16.296|
A<0>           |Output<2>      |   16.604|
A<0>           |Output<3>      |   16.773|
A<0>           |Output<4>      |   16.496|
A<0>           |Output<5>      |   16.754|
A<0>           |Output<6>      |   16.668|
A<0>           |Output<7>      |   16.729|
A<0>           |Output<8>      |   17.072|
A<0>           |Output<9>      |   16.511|
A<0>           |Output<10>     |   16.181|
A<0>           |Output<11>     |   16.170|
A<0>           |Output<12>     |   16.706|
A<0>           |Output<13>     |   16.065|
A<0>           |Output<14>     |   16.666|
A<0>           |Output<15>     |   16.807|
A<0>           |Output<16>     |   15.885|
A<0>           |Output<17>     |   16.347|
A<0>           |Output<18>     |   17.560|
A<0>           |Output<19>     |   16.362|
A<0>           |Output<20>     |   16.276|
A<0>           |Output<21>     |   16.528|
A<0>           |Output<22>     |   16.399|
A<0>           |Output<23>     |   16.089|
A<0>           |Output<24>     |   16.012|
A<0>           |Output<25>     |   16.262|
A<0>           |Output<26>     |   15.971|
A<0>           |Output<27>     |   16.524|
A<0>           |Output<28>     |   16.586|
A<0>           |Output<29>     |   16.936|
A<0>           |Output<30>     |   16.873|
A<0>           |Output<31>     |   17.247|
A<0>           |Zero_Flag      |   21.240|
A<1>           |Output<0>      |   17.108|
A<1>           |Output<1>      |   15.540|
A<1>           |Output<2>      |   15.916|
A<1>           |Output<3>      |   16.085|
A<1>           |Output<4>      |   15.807|
A<1>           |Output<5>      |   16.065|
A<1>           |Output<6>      |   15.979|
A<1>           |Output<7>      |   16.040|
A<1>           |Output<8>      |   16.383|
A<1>           |Output<9>      |   15.822|
A<1>           |Output<10>     |   15.492|
A<1>           |Output<11>     |   15.481|
A<1>           |Output<12>     |   16.017|
A<1>           |Output<13>     |   15.376|
A<1>           |Output<14>     |   15.977|
A<1>           |Output<15>     |   16.118|
A<1>           |Output<16>     |   15.196|
A<1>           |Output<17>     |   15.588|
A<1>           |Output<18>     |   16.871|
A<1>           |Output<19>     |   15.673|
A<1>           |Output<20>     |   15.587|
A<1>           |Output<21>     |   15.769|
A<1>           |Output<22>     |   15.710|
A<1>           |Output<23>     |   15.330|
A<1>           |Output<24>     |   15.323|
A<1>           |Output<25>     |   15.503|
A<1>           |Output<26>     |   15.282|
A<1>           |Output<27>     |   15.835|
A<1>           |Output<28>     |   15.897|
A<1>           |Output<29>     |   16.186|
A<1>           |Output<30>     |   16.184|
A<1>           |Output<31>     |   16.558|
A<1>           |Zero_Flag      |   20.551|
A<2>           |Output<0>      |   16.968|
A<2>           |Output<2>      |   15.649|
A<2>           |Output<3>      |   15.811|
A<2>           |Output<4>      |   15.561|
A<2>           |Output<5>      |   15.819|
A<2>           |Output<6>      |   15.733|
A<2>           |Output<7>      |   15.794|
A<2>           |Output<8>      |   16.137|
A<2>           |Output<9>      |   15.690|
A<2>           |Output<10>     |   15.246|
A<2>           |Output<11>     |   15.235|
A<2>           |Output<12>     |   15.771|
A<2>           |Output<13>     |   15.282|
A<2>           |Output<14>     |   15.731|
A<2>           |Output<15>     |   15.872|
A<2>           |Output<16>     |   14.950|
A<2>           |Output<17>     |   15.606|
A<2>           |Output<18>     |   16.625|
A<2>           |Output<19>     |   15.427|
A<2>           |Output<20>     |   15.341|
A<2>           |Output<21>     |   15.787|
A<2>           |Output<22>     |   15.464|
A<2>           |Output<23>     |   15.348|
A<2>           |Output<24>     |   15.077|
A<2>           |Output<25>     |   15.521|
A<2>           |Output<26>     |   15.036|
A<2>           |Output<27>     |   15.589|
A<2>           |Output<28>     |   15.651|
A<2>           |Output<29>     |   16.195|
A<2>           |Output<30>     |   15.938|
A<2>           |Output<31>     |   16.312|
A<2>           |Zero_Flag      |   20.305|
A<3>           |Output<0>      |   16.961|
A<3>           |Output<3>      |   16.431|
A<3>           |Output<4>      |   16.193|
A<3>           |Output<5>      |   16.451|
A<3>           |Output<6>      |   16.365|
A<3>           |Output<7>      |   16.426|
A<3>           |Output<8>      |   16.769|
A<3>           |Output<9>      |   16.290|
A<3>           |Output<10>     |   15.878|
A<3>           |Output<11>     |   15.867|
A<3>           |Output<12>     |   16.403|
A<3>           |Output<13>     |   15.882|
A<3>           |Output<14>     |   16.363|
A<3>           |Output<15>     |   16.504|
A<3>           |Output<16>     |   15.582|
A<3>           |Output<17>     |   16.206|
A<3>           |Output<18>     |   17.257|
A<3>           |Output<19>     |   16.059|
A<3>           |Output<20>     |   15.973|
A<3>           |Output<21>     |   16.387|
A<3>           |Output<22>     |   16.096|
A<3>           |Output<23>     |   15.948|
A<3>           |Output<24>     |   15.709|
A<3>           |Output<25>     |   16.121|
A<3>           |Output<26>     |   15.668|
A<3>           |Output<27>     |   16.221|
A<3>           |Output<28>     |   16.283|
A<3>           |Output<29>     |   16.795|
A<3>           |Output<30>     |   16.570|
A<3>           |Output<31>     |   16.944|
A<3>           |Zero_Flag      |   20.937|
A<4>           |Output<0>      |   16.862|
A<4>           |Output<4>      |   15.158|
A<4>           |Output<5>      |   15.506|
A<4>           |Output<6>      |   15.268|
A<4>           |Output<7>      |   15.275|
A<4>           |Output<8>      |   15.590|
A<4>           |Output<9>      |   15.681|
A<4>           |Output<10>     |   15.125|
A<4>           |Output<11>     |   14.688|
A<4>           |Output<12>     |   15.536|
A<4>           |Output<13>     |   15.273|
A<4>           |Output<14>     |   15.184|
A<4>           |Output<15>     |   15.325|
A<4>           |Output<16>     |   14.696|
A<4>           |Output<17>     |   15.597|
A<4>           |Output<18>     |   16.078|
A<4>           |Output<19>     |   14.998|
A<4>           |Output<20>     |   14.794|
A<4>           |Output<21>     |   15.778|
A<4>           |Output<22>     |   15.415|
A<4>           |Output<23>     |   15.339|
A<4>           |Output<24>     |   15.000|
A<4>           |Output<25>     |   15.512|
A<4>           |Output<26>     |   14.946|
A<4>           |Output<27>     |   15.322|
A<4>           |Output<28>     |   15.544|
A<4>           |Output<29>     |   16.186|
A<4>           |Output<30>     |   15.883|
A<4>           |Output<31>     |   15.789|
A<4>           |Zero_Flag      |   20.151|
A<5>           |Output<0>      |   16.858|
A<5>           |Output<5>      |   15.628|
A<5>           |Output<6>      |   15.475|
A<5>           |Output<7>      |   15.501|
A<5>           |Output<8>      |   15.846|
A<5>           |Output<9>      |   15.880|
A<5>           |Output<10>     |   15.324|
A<5>           |Output<11>     |   14.944|
A<5>           |Output<12>     |   15.735|
A<5>           |Output<13>     |   15.472|
A<5>           |Output<14>     |   15.440|
A<5>           |Output<15>     |   15.581|
A<5>           |Output<16>     |   14.895|
A<5>           |Output<17>     |   15.796|
A<5>           |Output<18>     |   16.334|
A<5>           |Output<19>     |   15.197|
A<5>           |Output<20>     |   15.050|
A<5>           |Output<21>     |   15.977|
A<5>           |Output<22>     |   15.614|
A<5>           |Output<23>     |   15.538|
A<5>           |Output<24>     |   15.199|
A<5>           |Output<25>     |   15.711|
A<5>           |Output<26>     |   15.145|
A<5>           |Output<27>     |   15.521|
A<5>           |Output<28>     |   15.743|
A<5>           |Output<29>     |   16.385|
A<5>           |Output<30>     |   16.082|
A<5>           |Output<31>     |   16.021|
A<5>           |Zero_Flag      |   20.178|
A<6>           |Output<0>      |   16.751|
A<6>           |Output<6>      |   15.448|
A<6>           |Output<7>      |   15.637|
A<6>           |Output<8>      |   16.031|
A<6>           |Output<9>      |   15.519|
A<6>           |Output<10>     |   15.140|
A<6>           |Output<11>     |   15.129|
A<6>           |Output<12>     |   15.665|
A<6>           |Output<13>     |   15.111|
A<6>           |Output<14>     |   15.625|
A<6>           |Output<15>     |   15.766|
A<6>           |Output<16>     |   14.844|
A<6>           |Output<17>     |   15.435|
A<6>           |Output<18>     |   16.519|
A<6>           |Output<19>     |   15.321|
A<6>           |Output<20>     |   15.235|
A<6>           |Output<21>     |   15.616|
A<6>           |Output<22>     |   15.358|
A<6>           |Output<23>     |   15.177|
A<6>           |Output<24>     |   14.971|
A<6>           |Output<25>     |   15.350|
A<6>           |Output<26>     |   14.930|
A<6>           |Output<27>     |   15.483|
A<6>           |Output<28>     |   15.545|
A<6>           |Output<29>     |   16.024|
A<6>           |Output<30>     |   15.832|
A<6>           |Output<31>     |   16.206|
A<6>           |Zero_Flag      |   20.199|
A<7>           |Output<0>      |   17.188|
A<7>           |Output<7>      |   15.571|
A<7>           |Output<8>      |   15.956|
A<7>           |Output<9>      |   15.508|
A<7>           |Output<10>     |   15.065|
A<7>           |Output<11>     |   15.054|
A<7>           |Output<12>     |   15.590|
A<7>           |Output<13>     |   15.100|
A<7>           |Output<14>     |   15.550|
A<7>           |Output<15>     |   15.691|
A<7>           |Output<16>     |   14.769|
A<7>           |Output<17>     |   15.424|
A<7>           |Output<18>     |   16.444|
A<7>           |Output<19>     |   15.246|
A<7>           |Output<20>     |   15.160|
A<7>           |Output<21>     |   15.605|
A<7>           |Output<22>     |   15.283|
A<7>           |Output<23>     |   15.166|
A<7>           |Output<24>     |   14.896|
A<7>           |Output<25>     |   15.339|
A<7>           |Output<26>     |   14.855|
A<7>           |Output<27>     |   15.408|
A<7>           |Output<28>     |   15.470|
A<7>           |Output<29>     |   16.013|
A<7>           |Output<30>     |   15.757|
A<7>           |Output<31>     |   16.131|
A<7>           |Zero_Flag      |   20.477|
A<8>           |Output<0>      |   16.419|
A<8>           |Output<8>      |   15.065|
A<8>           |Output<9>      |   14.896|
A<8>           |Output<10>     |   14.472|
A<8>           |Output<11>     |   14.353|
A<8>           |Output<12>     |   14.913|
A<8>           |Output<13>     |   14.647|
A<8>           |Output<14>     |   14.873|
A<8>           |Output<15>     |   15.014|
A<8>           |Output<16>     |   14.092|
A<8>           |Output<17>     |   14.971|
A<8>           |Output<18>     |   15.767|
A<8>           |Output<19>     |   14.569|
A<8>           |Output<20>     |   14.483|
A<8>           |Output<21>     |   15.152|
A<8>           |Output<22>     |   14.789|
A<8>           |Output<23>     |   14.713|
A<8>           |Output<24>     |   14.374|
A<8>           |Output<25>     |   14.886|
A<8>           |Output<26>     |   14.320|
A<8>           |Output<27>     |   14.731|
A<8>           |Output<28>     |   14.918|
A<8>           |Output<29>     |   15.560|
A<8>           |Output<30>     |   15.257|
A<8>           |Output<31>     |   15.454|
A<8>           |Zero_Flag      |   19.708|
A<9>           |Output<0>      |   16.606|
A<9>           |Output<9>      |   15.057|
A<9>           |Output<10>     |   14.718|
A<9>           |Output<11>     |   14.538|
A<9>           |Output<12>     |   15.148|
A<9>           |Output<13>     |   14.885|
A<9>           |Output<14>     |   15.036|
A<9>           |Output<15>     |   15.177|
A<9>           |Output<16>     |   14.308|
A<9>           |Output<17>     |   15.209|
A<9>           |Output<18>     |   15.930|
A<9>           |Output<19>     |   14.732|
A<9>           |Output<20>     |   14.646|
A<9>           |Output<21>     |   15.390|
A<9>           |Output<22>     |   15.027|
A<9>           |Output<23>     |   14.951|
A<9>           |Output<24>     |   14.612|
A<9>           |Output<25>     |   15.124|
A<9>           |Output<26>     |   14.558|
A<9>           |Output<27>     |   14.934|
A<9>           |Output<28>     |   15.156|
A<9>           |Output<29>     |   15.798|
A<9>           |Output<30>     |   15.495|
A<9>           |Output<31>     |   15.617|
A<9>           |Zero_Flag      |   19.895|
A<10>          |Output<0>      |   16.697|
A<10>          |Output<10>     |   14.832|
A<10>          |Output<11>     |   14.845|
A<10>          |Output<12>     |   15.411|
A<10>          |Output<13>     |   14.770|
A<10>          |Output<14>     |   15.371|
A<10>          |Output<15>     |   15.512|
A<10>          |Output<16>     |   14.590|
A<10>          |Output<17>     |   14.927|
A<10>          |Output<18>     |   16.265|
A<10>          |Output<19>     |   15.067|
A<10>          |Output<20>     |   14.981|
A<10>          |Output<21>     |   15.108|
A<10>          |Output<22>     |   15.104|
A<10>          |Output<23>     |   14.699|
A<10>          |Output<24>     |   14.717|
A<10>          |Output<25>     |   14.842|
A<10>          |Output<26>     |   14.676|
A<10>          |Output<27>     |   15.229|
A<10>          |Output<28>     |   15.291|
A<10>          |Output<29>     |   15.580|
A<10>          |Output<30>     |   15.578|
A<10>          |Output<31>     |   15.952|
A<10>          |Zero_Flag      |   19.986|
A<11>          |Output<0>      |   17.303|
A<11>          |Output<11>     |   15.490|
A<11>          |Output<12>     |   16.068|
A<11>          |Output<13>     |   15.427|
A<11>          |Output<14>     |   16.028|
A<11>          |Output<15>     |   16.169|
A<11>          |Output<16>     |   15.247|
A<11>          |Output<17>     |   15.345|
A<11>          |Output<18>     |   16.922|
A<11>          |Output<19>     |   15.724|
A<11>          |Output<20>     |   15.638|
A<11>          |Output<21>     |   15.764|
A<11>          |Output<22>     |   15.761|
A<11>          |Output<23>     |   15.356|
A<11>          |Output<24>     |   15.374|
A<11>          |Output<25>     |   15.450|
A<11>          |Output<26>     |   15.333|
A<11>          |Output<27>     |   15.886|
A<11>          |Output<28>     |   15.948|
A<11>          |Output<29>     |   16.237|
A<11>          |Output<30>     |   16.235|
A<11>          |Output<31>     |   16.609|
A<11>          |Zero_Flag      |   20.602|
A<12>          |Output<0>      |   16.045|
A<12>          |Output<12>     |   14.791|
A<12>          |Output<13>     |   14.378|
A<12>          |Output<14>     |   14.859|
A<12>          |Output<15>     |   15.031|
A<12>          |Output<16>     |   14.112|
A<12>          |Output<17>     |   14.861|
A<12>          |Output<18>     |   15.787|
A<12>          |Output<19>     |   14.589|
A<12>          |Output<20>     |   14.503|
A<12>          |Output<21>     |   15.042|
A<12>          |Output<22>     |   14.679|
A<12>          |Output<23>     |   14.603|
A<12>          |Output<24>     |   14.264|
A<12>          |Output<25>     |   14.776|
A<12>          |Output<26>     |   14.210|
A<12>          |Output<27>     |   14.751|
A<12>          |Output<28>     |   14.813|
A<12>          |Output<29>     |   15.450|
A<12>          |Output<30>     |   15.147|
A<12>          |Output<31>     |   15.474|
A<12>          |Zero_Flag      |   19.467|
A<13>          |Output<0>      |   16.407|
A<13>          |Output<13>     |   14.670|
A<13>          |Output<14>     |   15.444|
A<13>          |Output<15>     |   15.616|
A<13>          |Output<16>     |   14.696|
A<13>          |Output<17>     |   15.141|
A<13>          |Output<18>     |   16.371|
A<13>          |Output<19>     |   15.173|
A<13>          |Output<20>     |   15.087|
A<13>          |Output<21>     |   15.322|
A<13>          |Output<22>     |   15.210|
A<13>          |Output<23>     |   14.883|
A<13>          |Output<24>     |   14.823|
A<13>          |Output<25>     |   15.056|
A<13>          |Output<26>     |   14.782|
A<13>          |Output<27>     |   15.335|
A<13>          |Output<28>     |   15.397|
A<13>          |Output<29>     |   15.730|
A<13>          |Output<30>     |   15.684|
A<13>          |Output<31>     |   16.058|
A<13>          |Zero_Flag      |   20.051|
A<14>          |Output<0>      |   16.465|
A<14>          |Output<14>     |   15.198|
A<14>          |Output<15>     |   15.363|
A<14>          |Output<16>     |   14.471|
A<14>          |Output<17>     |   14.824|
A<14>          |Output<18>     |   16.146|
A<14>          |Output<19>     |   14.948|
A<14>          |Output<20>     |   14.862|
A<14>          |Output<21>     |   15.005|
A<14>          |Output<22>     |   14.985|
A<14>          |Output<23>     |   14.580|
A<14>          |Output<24>     |   14.598|
A<14>          |Output<25>     |   14.739|
A<14>          |Output<26>     |   14.557|
A<14>          |Output<27>     |   15.110|
A<14>          |Output<28>     |   15.172|
A<14>          |Output<29>     |   15.461|
A<14>          |Output<30>     |   15.459|
A<14>          |Output<31>     |   15.833|
A<14>          |Zero_Flag      |   19.826|
A<15>          |Output<0>      |   15.618|
A<15>          |Output<15>     |   14.407|
A<15>          |Output<16>     |   13.709|
A<15>          |Output<17>     |   14.353|
A<15>          |Output<18>     |   15.384|
A<15>          |Output<19>     |   14.186|
A<15>          |Output<20>     |   14.100|
A<15>          |Output<21>     |   14.534|
A<15>          |Output<22>     |   14.223|
A<15>          |Output<23>     |   14.095|
A<15>          |Output<24>     |   13.836|
A<15>          |Output<25>     |   14.268|
A<15>          |Output<26>     |   13.795|
A<15>          |Output<27>     |   14.348|
A<15>          |Output<28>     |   14.410|
A<15>          |Output<29>     |   14.942|
A<15>          |Output<30>     |   14.697|
A<15>          |Output<31>     |   15.071|
A<15>          |Zero_Flag      |   19.064|
A<16>          |Output<0>      |   16.587|
A<16>          |Output<16>     |   13.586|
A<16>          |Output<17>     |   14.473|
A<16>          |Output<18>     |   15.255|
A<16>          |Output<19>     |   14.088|
A<16>          |Output<20>     |   14.005|
A<16>          |Output<21>     |   14.813|
A<16>          |Output<22>     |   14.450|
A<16>          |Output<23>     |   14.374|
A<16>          |Output<24>     |   14.035|
A<16>          |Output<25>     |   14.547|
A<16>          |Output<26>     |   13.981|
A<16>          |Output<27>     |   14.357|
A<16>          |Output<28>     |   14.579|
A<16>          |Output<29>     |   15.221|
A<16>          |Output<30>     |   14.918|
A<16>          |Output<31>     |   14.976|
A<16>          |Zero_Flag      |   19.876|
A<17>          |Output<0>      |   16.139|
A<17>          |Output<17>     |   14.221|
A<17>          |Output<18>     |   15.334|
A<17>          |Output<19>     |   14.167|
A<17>          |Output<20>     |   14.083|
A<17>          |Output<21>     |   14.638|
A<17>          |Output<22>     |   14.275|
A<17>          |Output<23>     |   14.199|
A<17>          |Output<24>     |   13.860|
A<17>          |Output<25>     |   14.372|
A<17>          |Output<26>     |   13.806|
A<17>          |Output<27>     |   14.331|
A<17>          |Output<28>     |   14.404|
A<17>          |Output<29>     |   15.046|
A<17>          |Output<30>     |   14.743|
A<17>          |Output<31>     |   15.054|
A<17>          |Zero_Flag      |   19.428|
A<18>          |Output<0>      |   16.240|
A<18>          |Output<18>     |   15.236|
A<18>          |Output<19>     |   14.062|
A<18>          |Output<20>     |   14.006|
A<18>          |Output<21>     |   14.671|
A<18>          |Output<22>     |   14.308|
A<18>          |Output<23>     |   14.232|
A<18>          |Output<24>     |   13.893|
A<18>          |Output<25>     |   14.405|
A<18>          |Output<26>     |   13.839|
A<18>          |Output<27>     |   14.254|
A<18>          |Output<28>     |   14.437|
A<18>          |Output<29>     |   15.079|
A<18>          |Output<30>     |   14.776|
A<18>          |Output<31>     |   14.977|
A<18>          |Zero_Flag      |   19.529|
A<19>          |Output<0>      |   15.534|
A<19>          |Output<19>     |   13.723|
A<19>          |Output<20>     |   13.696|
A<19>          |Output<21>     |   14.203|
A<19>          |Output<22>     |   13.840|
A<19>          |Output<23>     |   13.764|
A<19>          |Output<24>     |   13.432|
A<19>          |Output<25>     |   13.937|
A<19>          |Output<26>     |   13.391|
A<19>          |Output<27>     |   13.944|
A<19>          |Output<28>     |   14.006|
A<19>          |Output<29>     |   14.611|
A<19>          |Output<30>     |   14.308|
A<19>          |Output<31>     |   14.667|
A<19>          |Zero_Flag      |   18.823|
A<20>          |Output<0>      |   16.031|
A<20>          |Output<20>     |   14.672|
A<20>          |Output<21>     |   14.801|
A<20>          |Output<22>     |   14.903|
A<20>          |Output<23>     |   14.529|
A<20>          |Output<24>     |   14.550|
A<20>          |Output<25>     |   14.626|
A<20>          |Output<26>     |   14.509|
A<20>          |Output<27>     |   15.062|
A<20>          |Output<28>     |   15.124|
A<20>          |Output<29>     |   15.413|
A<20>          |Output<30>     |   15.411|
A<20>          |Output<31>     |   15.785|
A<20>          |Zero_Flag      |   19.497|
A<21>          |Output<0>      |   15.549|
A<21>          |Output<21>     |   14.441|
A<21>          |Output<22>     |   14.295|
A<21>          |Output<23>     |   14.223|
A<21>          |Output<24>     |   13.899|
A<21>          |Output<25>     |   14.411|
A<21>          |Output<26>     |   13.845|
A<21>          |Output<27>     |   14.396|
A<21>          |Output<28>     |   14.458|
A<21>          |Output<29>     |   15.085|
A<21>          |Output<30>     |   14.782|
A<21>          |Output<31>     |   15.119|
A<21>          |Zero_Flag      |   18.878|
A<22>          |Output<0>      |   16.303|
A<22>          |Output<22>     |   14.951|
A<22>          |Output<23>     |   14.737|
A<22>          |Output<24>     |   14.618|
A<22>          |Output<25>     |   14.929|
A<22>          |Output<26>     |   14.577|
A<22>          |Output<27>     |   15.130|
A<22>          |Output<28>     |   15.192|
A<22>          |Output<29>     |   15.603|
A<22>          |Output<30>     |   15.479|
A<22>          |Output<31>     |   15.853|
A<22>          |Zero_Flag      |   19.592|
A<23>          |Output<0>      |   15.869|
A<23>          |Output<23>     |   14.133|
A<23>          |Output<24>     |   13.870|
A<23>          |Output<25>     |   14.382|
A<23>          |Output<26>     |   13.816|
A<23>          |Output<27>     |   14.192|
A<23>          |Output<28>     |   14.414|
A<23>          |Output<29>     |   15.056|
A<23>          |Output<30>     |   14.753|
A<23>          |Output<31>     |   14.735|
A<23>          |Zero_Flag      |   19.158|
A<24>          |Output<0>      |   16.361|
A<24>          |Output<24>     |   14.242|
A<24>          |Output<25>     |   14.549|
A<24>          |Output<26>     |   14.309|
A<24>          |Output<27>     |   14.893|
A<24>          |Output<28>     |   14.958|
A<24>          |Output<29>     |   15.382|
A<24>          |Output<30>     |   15.245|
A<24>          |Output<31>     |   15.619|
A<24>          |Zero_Flag      |   19.650|
A<25>          |Output<0>      |   15.692|
A<25>          |Output<25>     |   13.847|
A<25>          |Output<26>     |   13.641|
A<25>          |Output<27>     |   14.225|
A<25>          |Output<28>     |   14.289|
A<25>          |Output<29>     |   14.757|
A<25>          |Output<30>     |   14.576|
A<25>          |Output<31>     |   14.950|
A<25>          |Zero_Flag      |   18.981|
A<26>          |Output<0>      |   15.853|
A<26>          |Output<26>     |   13.489|
A<26>          |Output<27>     |   14.021|
A<26>          |Output<28>     |   14.113|
A<26>          |Output<29>     |   14.748|
A<26>          |Output<30>     |   14.445|
A<26>          |Output<31>     |   14.774|
A<26>          |Zero_Flag      |   19.142|
A<27>          |Output<0>      |   15.576|
A<27>          |Output<27>     |   14.031|
A<27>          |Output<28>     |   14.329|
A<27>          |Output<29>     |   14.971|
A<27>          |Output<30>     |   14.668|
A<27>          |Output<31>     |   14.672|
A<27>          |Zero_Flag      |   18.865|
A<28>          |Output<0>      |   15.896|
A<28>          |Output<28>     |   13.916|
A<28>          |Output<29>     |   14.544|
A<28>          |Output<30>     |   14.373|
A<28>          |Output<31>     |   14.545|
A<28>          |Zero_Flag      |   19.185|
A<29>          |Output<0>      |   15.188|
A<29>          |Output<29>     |   14.483|
A<29>          |Output<30>     |   14.397|
A<29>          |Output<31>     |   14.634|
A<29>          |Zero_Flag      |   18.483|
A<30>          |Output<0>      |   15.802|
A<30>          |Output<30>     |   15.221|
A<30>          |Output<31>     |   15.619|
A<30>          |Zero_Flag      |   19.307|
A<31>          |Output<0>      |   14.946|
A<31>          |Output<31>     |   14.973|
A<31>          |Zero_Flag      |   18.235|
ALU_Ctl<0>     |Output<0>      |   15.534|
ALU_Ctl<0>     |Output<1>      |   15.262|
ALU_Ctl<0>     |Output<2>      |   15.052|
ALU_Ctl<0>     |Output<3>      |   15.366|
ALU_Ctl<0>     |Output<4>      |   15.106|
ALU_Ctl<0>     |Output<5>      |   15.014|
ALU_Ctl<0>     |Output<6>      |   14.553|
ALU_Ctl<0>     |Output<7>      |   15.028|
ALU_Ctl<0>     |Output<8>      |   13.961|
ALU_Ctl<0>     |Output<9>      |   14.880|
ALU_Ctl<0>     |Output<10>     |   14.393|
ALU_Ctl<0>     |Output<11>     |   13.297|
ALU_Ctl<0>     |Output<12>     |   15.918|
ALU_Ctl<0>     |Output<13>     |   13.821|
ALU_Ctl<0>     |Output<14>     |   14.098|
ALU_Ctl<0>     |Output<15>     |   13.908|
ALU_Ctl<0>     |Output<16>     |   13.432|
ALU_Ctl<0>     |Output<17>     |   13.400|
ALU_Ctl<0>     |Output<18>     |   13.352|
ALU_Ctl<0>     |Output<19>     |   14.298|
ALU_Ctl<0>     |Output<20>     |   13.419|
ALU_Ctl<0>     |Output<21>     |   14.284|
ALU_Ctl<0>     |Output<22>     |   14.286|
ALU_Ctl<0>     |Output<23>     |   15.529|
ALU_Ctl<0>     |Output<24>     |   13.723|
ALU_Ctl<0>     |Output<25>     |   14.681|
ALU_Ctl<0>     |Output<26>     |   12.953|
ALU_Ctl<0>     |Output<27>     |   13.758|
ALU_Ctl<0>     |Output<28>     |   13.770|
ALU_Ctl<0>     |Output<29>     |   14.373|
ALU_Ctl<0>     |Output<30>     |   13.916|
ALU_Ctl<0>     |Output<31>     |   14.277|
ALU_Ctl<0>     |Zero_Flag      |   19.850|
ALU_Ctl<1>     |Output<0>      |   15.765|
ALU_Ctl<1>     |Output<1>      |   15.754|
ALU_Ctl<1>     |Output<2>      |   15.389|
ALU_Ctl<1>     |Output<3>      |   16.960|
ALU_Ctl<1>     |Output<4>      |   15.622|
ALU_Ctl<1>     |Output<5>      |   15.447|
ALU_Ctl<1>     |Output<6>      |   15.561|
ALU_Ctl<1>     |Output<7>      |   16.388|
ALU_Ctl<1>     |Output<8>      |   16.386|
ALU_Ctl<1>     |Output<9>      |   16.475|
ALU_Ctl<1>     |Output<10>     |   14.552|
ALU_Ctl<1>     |Output<11>     |   15.327|
ALU_Ctl<1>     |Output<12>     |   15.662|
ALU_Ctl<1>     |Output<13>     |   14.125|
ALU_Ctl<1>     |Output<14>     |   14.923|
ALU_Ctl<1>     |Output<15>     |   14.732|
ALU_Ctl<1>     |Output<16>     |   14.458|
ALU_Ctl<1>     |Output<17>     |   14.357|
ALU_Ctl<1>     |Output<18>     |   15.912|
ALU_Ctl<1>     |Output<19>     |   14.698|
ALU_Ctl<1>     |Output<20>     |   14.139|
ALU_Ctl<1>     |Output<21>     |   14.821|
ALU_Ctl<1>     |Output<22>     |   15.185|
ALU_Ctl<1>     |Output<23>     |   15.127|
ALU_Ctl<1>     |Output<24>     |   14.214|
ALU_Ctl<1>     |Output<25>     |   14.482|
ALU_Ctl<1>     |Output<26>     |   13.917|
ALU_Ctl<1>     |Output<27>     |   14.621|
ALU_Ctl<1>     |Output<28>     |   14.406|
ALU_Ctl<1>     |Output<29>     |   14.516|
ALU_Ctl<1>     |Output<30>     |   14.468|
ALU_Ctl<1>     |Output<31>     |   15.468|
ALU_Ctl<1>     |Zero_Flag      |   19.592|
ALU_Ctl<2>     |Output<0>      |   16.119|
ALU_Ctl<2>     |Output<1>      |   14.649|
ALU_Ctl<2>     |Output<2>      |   14.890|
ALU_Ctl<2>     |Output<3>      |   14.835|
ALU_Ctl<2>     |Output<4>      |   14.631|
ALU_Ctl<2>     |Output<5>      |   14.657|
ALU_Ctl<2>     |Output<6>      |   14.778|
ALU_Ctl<2>     |Output<7>      |   15.592|
ALU_Ctl<2>     |Output<8>      |   13.515|
ALU_Ctl<2>     |Output<9>      |   13.502|
ALU_Ctl<2>     |Output<10>     |   14.088|
ALU_Ctl<2>     |Output<11>     |   12.962|
ALU_Ctl<2>     |Output<12>     |   15.121|
ALU_Ctl<2>     |Output<13>     |   13.553|
ALU_Ctl<2>     |Output<14>     |   13.517|
ALU_Ctl<2>     |Output<15>     |   12.617|
ALU_Ctl<2>     |Output<16>     |   13.160|
ALU_Ctl<2>     |Output<17>     |   13.307|
ALU_Ctl<2>     |Output<18>     |   12.957|
ALU_Ctl<2>     |Output<19>     |   13.593|
ALU_Ctl<2>     |Output<20>     |   13.348|
ALU_Ctl<2>     |Output<21>     |   13.337|
ALU_Ctl<2>     |Output<22>     |   13.877|
ALU_Ctl<2>     |Output<23>     |   14.113|
ALU_Ctl<2>     |Output<24>     |   13.575|
ALU_Ctl<2>     |Output<25>     |   13.597|
ALU_Ctl<2>     |Output<26>     |   12.785|
ALU_Ctl<2>     |Output<27>     |   13.952|
ALU_Ctl<2>     |Output<28>     |   13.581|
ALU_Ctl<2>     |Output<29>     |   14.076|
ALU_Ctl<2>     |Output<30>     |   13.944|
ALU_Ctl<2>     |Output<31>     |   13.912|
ALU_Ctl<2>     |Zero_Flag      |   19.408|
ALU_Ctl<3>     |Output<0>      |   15.929|
ALU_Ctl<3>     |Output<1>      |   15.591|
ALU_Ctl<3>     |Output<2>      |   14.630|
ALU_Ctl<3>     |Output<3>      |   16.231|
ALU_Ctl<3>     |Output<4>      |   15.111|
ALU_Ctl<3>     |Output<5>      |   15.308|
ALU_Ctl<3>     |Output<6>      |   15.340|
ALU_Ctl<3>     |Output<7>      |   15.604|
ALU_Ctl<3>     |Output<8>      |   15.673|
ALU_Ctl<3>     |Output<9>      |   15.578|
ALU_Ctl<3>     |Output<10>     |   14.203|
ALU_Ctl<3>     |Output<11>     |   14.921|
ALU_Ctl<3>     |Output<12>     |   15.715|
ALU_Ctl<3>     |Output<13>     |   14.049|
ALU_Ctl<3>     |Output<14>     |   15.022|
ALU_Ctl<3>     |Output<15>     |   14.133|
ALU_Ctl<3>     |Output<16>     |   14.173|
ALU_Ctl<3>     |Output<17>     |   13.975|
ALU_Ctl<3>     |Output<18>     |   15.631|
ALU_Ctl<3>     |Output<19>     |   14.101|
ALU_Ctl<3>     |Output<20>     |   13.716|
ALU_Ctl<3>     |Output<21>     |   14.142|
ALU_Ctl<3>     |Output<22>     |   15.006|
ALU_Ctl<3>     |Output<23>     |   14.174|
ALU_Ctl<3>     |Output<24>     |   13.970|
ALU_Ctl<3>     |Output<25>     |   14.448|
ALU_Ctl<3>     |Output<26>     |   13.303|
ALU_Ctl<3>     |Output<27>     |   14.246|
ALU_Ctl<3>     |Output<28>     |   14.105|
ALU_Ctl<3>     |Output<29>     |   14.029|
ALU_Ctl<3>     |Output<30>     |   13.996|
ALU_Ctl<3>     |Output<31>     |   14.758|
ALU_Ctl<3>     |Zero_Flag      |   19.311|
B<0>           |Output<0>      |   16.516|
B<0>           |Output<1>      |   15.151|
B<0>           |Output<2>      |   15.459|
B<0>           |Output<3>      |   15.628|
B<0>           |Output<4>      |   15.351|
B<0>           |Output<5>      |   15.609|
B<0>           |Output<6>      |   15.523|
B<0>           |Output<7>      |   15.584|
B<0>           |Output<8>      |   15.927|
B<0>           |Output<9>      |   15.366|
B<0>           |Output<10>     |   15.036|
B<0>           |Output<11>     |   15.025|
B<0>           |Output<12>     |   15.561|
B<0>           |Output<13>     |   14.920|
B<0>           |Output<14>     |   15.521|
B<0>           |Output<15>     |   15.662|
B<0>           |Output<16>     |   14.740|
B<0>           |Output<17>     |   15.210|
B<0>           |Output<18>     |   16.415|
B<0>           |Output<19>     |   15.217|
B<0>           |Output<20>     |   15.131|
B<0>           |Output<21>     |   15.391|
B<0>           |Output<22>     |   15.254|
B<0>           |Output<23>     |   14.952|
B<0>           |Output<24>     |   14.867|
B<0>           |Output<25>     |   15.125|
B<0>           |Output<26>     |   14.826|
B<0>           |Output<27>     |   15.379|
B<0>           |Output<28>     |   15.441|
B<0>           |Output<29>     |   15.799|
B<0>           |Output<30>     |   15.728|
B<0>           |Output<31>     |   16.102|
B<0>           |Zero_Flag      |   20.095|
B<1>           |Output<0>      |   16.200|
B<1>           |Output<1>      |   15.364|
B<1>           |Output<2>      |   15.740|
B<1>           |Output<3>      |   15.909|
B<1>           |Output<4>      |   15.631|
B<1>           |Output<5>      |   15.889|
B<1>           |Output<6>      |   15.803|
B<1>           |Output<7>      |   15.864|
B<1>           |Output<8>      |   16.207|
B<1>           |Output<9>      |   15.646|
B<1>           |Output<10>     |   15.316|
B<1>           |Output<11>     |   15.305|
B<1>           |Output<12>     |   15.841|
B<1>           |Output<13>     |   15.200|
B<1>           |Output<14>     |   15.801|
B<1>           |Output<15>     |   15.942|
B<1>           |Output<16>     |   15.020|
B<1>           |Output<17>     |   15.504|
B<1>           |Output<18>     |   16.695|
B<1>           |Output<19>     |   15.497|
B<1>           |Output<20>     |   15.411|
B<1>           |Output<21>     |   15.685|
B<1>           |Output<22>     |   15.534|
B<1>           |Output<23>     |   15.246|
B<1>           |Output<24>     |   15.147|
B<1>           |Output<25>     |   15.419|
B<1>           |Output<26>     |   15.106|
B<1>           |Output<27>     |   15.659|
B<1>           |Output<28>     |   15.721|
B<1>           |Output<29>     |   16.093|
B<1>           |Output<30>     |   16.008|
B<1>           |Output<31>     |   16.382|
B<1>           |Zero_Flag      |   20.375|
B<2>           |Output<0>      |   17.013|
B<2>           |Output<2>      |   15.434|
B<2>           |Output<3>      |   15.596|
B<2>           |Output<4>      |   15.346|
B<2>           |Output<5>      |   15.604|
B<2>           |Output<6>      |   15.518|
B<2>           |Output<7>      |   15.579|
B<2>           |Output<8>      |   15.922|
B<2>           |Output<9>      |   15.442|
B<2>           |Output<10>     |   15.031|
B<2>           |Output<11>     |   15.020|
B<2>           |Output<12>     |   15.556|
B<2>           |Output<13>     |   15.034|
B<2>           |Output<14>     |   15.516|
B<2>           |Output<15>     |   15.657|
B<2>           |Output<16>     |   14.735|
B<2>           |Output<17>     |   15.358|
B<2>           |Output<18>     |   16.410|
B<2>           |Output<19>     |   15.212|
B<2>           |Output<20>     |   15.126|
B<2>           |Output<21>     |   15.539|
B<2>           |Output<22>     |   15.249|
B<2>           |Output<23>     |   15.100|
B<2>           |Output<24>     |   14.862|
B<2>           |Output<25>     |   15.273|
B<2>           |Output<26>     |   14.821|
B<2>           |Output<27>     |   15.374|
B<2>           |Output<28>     |   15.436|
B<2>           |Output<29>     |   15.947|
B<2>           |Output<30>     |   15.723|
B<2>           |Output<31>     |   16.097|
B<2>           |Zero_Flag      |   20.302|
B<3>           |Output<0>      |   16.597|
B<3>           |Output<3>      |   16.004|
B<3>           |Output<4>      |   15.766|
B<3>           |Output<5>      |   16.024|
B<3>           |Output<6>      |   15.938|
B<3>           |Output<7>      |   15.999|
B<3>           |Output<8>      |   16.342|
B<3>           |Output<9>      |   15.781|
B<3>           |Output<10>     |   15.451|
B<3>           |Output<11>     |   15.440|
B<3>           |Output<12>     |   15.976|
B<3>           |Output<13>     |   15.335|
B<3>           |Output<14>     |   15.936|
B<3>           |Output<15>     |   16.077|
B<3>           |Output<16>     |   15.155|
B<3>           |Output<17>     |   15.445|
B<3>           |Output<18>     |   16.830|
B<3>           |Output<19>     |   15.632|
B<3>           |Output<20>     |   15.546|
B<3>           |Output<21>     |   15.672|
B<3>           |Output<22>     |   15.669|
B<3>           |Output<23>     |   15.264|
B<3>           |Output<24>     |   15.282|
B<3>           |Output<25>     |   15.360|
B<3>           |Output<26>     |   15.241|
B<3>           |Output<27>     |   15.794|
B<3>           |Output<28>     |   15.856|
B<3>           |Output<29>     |   16.145|
B<3>           |Output<30>     |   16.143|
B<3>           |Output<31>     |   16.517|
B<3>           |Zero_Flag      |   20.510|
B<4>           |Output<0>      |   16.329|
B<4>           |Output<4>      |   15.387|
B<4>           |Output<5>      |   15.648|
B<4>           |Output<6>      |   15.667|
B<4>           |Output<7>      |   15.759|
B<4>           |Output<8>      |   16.105|
B<4>           |Output<9>      |   15.544|
B<4>           |Output<10>     |   15.214|
B<4>           |Output<11>     |   15.203|
B<4>           |Output<12>     |   15.739|
B<4>           |Output<13>     |   15.098|
B<4>           |Output<14>     |   15.699|
B<4>           |Output<15>     |   15.840|
B<4>           |Output<16>     |   14.918|
B<4>           |Output<17>     |   15.291|
B<4>           |Output<18>     |   16.593|
B<4>           |Output<19>     |   15.395|
B<4>           |Output<20>     |   15.309|
B<4>           |Output<21>     |   15.472|
B<4>           |Output<22>     |   15.432|
B<4>           |Output<23>     |   15.033|
B<4>           |Output<24>     |   15.045|
B<4>           |Output<25>     |   15.206|
B<4>           |Output<26>     |   15.004|
B<4>           |Output<27>     |   15.557|
B<4>           |Output<28>     |   15.619|
B<4>           |Output<29>     |   15.908|
B<4>           |Output<30>     |   15.906|
B<4>           |Output<31>     |   16.280|
B<4>           |Zero_Flag      |   20.273|
B<5>           |Output<0>      |   16.558|
B<5>           |Output<5>      |   15.715|
B<5>           |Output<6>      |   15.802|
B<5>           |Output<7>      |   15.894|
B<5>           |Output<8>      |   16.239|
B<5>           |Output<9>      |   15.678|
B<5>           |Output<10>     |   15.348|
B<5>           |Output<11>     |   15.337|
B<5>           |Output<12>     |   15.873|
B<5>           |Output<13>     |   15.232|
B<5>           |Output<14>     |   15.833|
B<5>           |Output<15>     |   15.974|
B<5>           |Output<16>     |   15.052|
B<5>           |Output<17>     |   15.361|
B<5>           |Output<18>     |   16.727|
B<5>           |Output<19>     |   15.529|
B<5>           |Output<20>     |   15.443|
B<5>           |Output<21>     |   15.569|
B<5>           |Output<22>     |   15.566|
B<5>           |Output<23>     |   15.161|
B<5>           |Output<24>     |   15.179|
B<5>           |Output<25>     |   15.276|
B<5>           |Output<26>     |   15.138|
B<5>           |Output<27>     |   15.691|
B<5>           |Output<28>     |   15.753|
B<5>           |Output<29>     |   16.042|
B<5>           |Output<30>     |   16.040|
B<5>           |Output<31>     |   16.414|
B<5>           |Zero_Flag      |   20.407|
B<6>           |Output<0>      |   16.577|
B<6>           |Output<6>      |   15.534|
B<6>           |Output<7>      |   15.619|
B<6>           |Output<8>      |   15.992|
B<6>           |Output<9>      |   15.431|
B<6>           |Output<10>     |   15.101|
B<6>           |Output<11>     |   15.090|
B<6>           |Output<12>     |   15.626|
B<6>           |Output<13>     |   14.985|
B<6>           |Output<14>     |   15.586|
B<6>           |Output<15>     |   15.727|
B<6>           |Output<16>     |   14.805|
B<6>           |Output<17>     |   15.182|
B<6>           |Output<18>     |   16.480|
B<6>           |Output<19>     |   15.282|
B<6>           |Output<20>     |   15.196|
B<6>           |Output<21>     |   15.363|
B<6>           |Output<22>     |   15.319|
B<6>           |Output<23>     |   14.924|
B<6>           |Output<24>     |   14.932|
B<6>           |Output<25>     |   15.097|
B<6>           |Output<26>     |   14.891|
B<6>           |Output<27>     |   15.444|
B<6>           |Output<28>     |   15.506|
B<6>           |Output<29>     |   15.795|
B<6>           |Output<30>     |   15.793|
B<6>           |Output<31>     |   16.167|
B<6>           |Zero_Flag      |   20.160|
B<7>           |Output<0>      |   16.042|
B<7>           |Output<7>      |   15.560|
B<7>           |Output<8>      |   15.945|
B<7>           |Output<9>      |   15.384|
B<7>           |Output<10>     |   15.054|
B<7>           |Output<11>     |   15.043|
B<7>           |Output<12>     |   15.579|
B<7>           |Output<13>     |   14.938|
B<7>           |Output<14>     |   15.539|
B<7>           |Output<15>     |   15.680|
B<7>           |Output<16>     |   14.758|
B<7>           |Output<17>     |   15.253|
B<7>           |Output<18>     |   16.433|
B<7>           |Output<19>     |   15.235|
B<7>           |Output<20>     |   15.149|
B<7>           |Output<21>     |   15.434|
B<7>           |Output<22>     |   15.272|
B<7>           |Output<23>     |   14.995|
B<7>           |Output<24>     |   14.885|
B<7>           |Output<25>     |   15.168|
B<7>           |Output<26>     |   14.844|
B<7>           |Output<27>     |   15.397|
B<7>           |Output<28>     |   15.459|
B<7>           |Output<29>     |   15.842|
B<7>           |Output<30>     |   15.746|
B<7>           |Output<31>     |   16.120|
B<7>           |Zero_Flag      |   20.113|
B<8>           |Output<0>      |   16.175|
B<8>           |Output<8>      |   16.018|
B<8>           |Output<9>      |   15.460|
B<8>           |Output<10>     |   15.235|
B<8>           |Output<11>     |   15.255|
B<8>           |Output<12>     |   15.794|
B<8>           |Output<13>     |   15.153|
B<8>           |Output<14>     |   15.754|
B<8>           |Output<15>     |   15.895|
B<8>           |Output<16>     |   14.973|
B<8>           |Output<17>     |   15.326|
B<8>           |Output<18>     |   16.648|
B<8>           |Output<19>     |   15.450|
B<8>           |Output<20>     |   15.364|
B<8>           |Output<21>     |   15.507|
B<8>           |Output<22>     |   15.487|
B<8>           |Output<23>     |   15.082|
B<8>           |Output<24>     |   15.100|
B<8>           |Output<25>     |   15.241|
B<8>           |Output<26>     |   15.059|
B<8>           |Output<27>     |   15.612|
B<8>           |Output<28>     |   15.674|
B<8>           |Output<29>     |   15.963|
B<8>           |Output<30>     |   15.961|
B<8>           |Output<31>     |   16.335|
B<8>           |Zero_Flag      |   20.328|
B<9>           |Output<0>      |   16.156|
B<9>           |Output<9>      |   15.427|
B<9>           |Output<10>     |   15.270|
B<9>           |Output<11>     |   15.290|
B<9>           |Output<12>     |   15.828|
B<9>           |Output<13>     |   15.187|
B<9>           |Output<14>     |   15.788|
B<9>           |Output<15>     |   15.929|
B<9>           |Output<16>     |   15.007|
B<9>           |Output<17>     |   15.314|
B<9>           |Output<18>     |   16.682|
B<9>           |Output<19>     |   15.484|
B<9>           |Output<20>     |   15.398|
B<9>           |Output<21>     |   15.524|
B<9>           |Output<22>     |   15.521|
B<9>           |Output<23>     |   15.116|
B<9>           |Output<24>     |   15.134|
B<9>           |Output<25>     |   15.229|
B<9>           |Output<26>     |   15.093|
B<9>           |Output<27>     |   15.646|
B<9>           |Output<28>     |   15.708|
B<9>           |Output<29>     |   15.997|
B<9>           |Output<30>     |   15.995|
B<9>           |Output<31>     |   16.369|
B<9>           |Zero_Flag      |   20.362|
B<10>          |Output<0>      |   16.681|
B<10>          |Output<10>     |   14.990|
B<10>          |Output<11>     |   15.003|
B<10>          |Output<12>     |   15.569|
B<10>          |Output<13>     |   15.122|
B<10>          |Output<14>     |   15.529|
B<10>          |Output<15>     |   15.670|
B<10>          |Output<16>     |   14.748|
B<10>          |Output<17>     |   15.446|
B<10>          |Output<18>     |   16.423|
B<10>          |Output<19>     |   15.225|
B<10>          |Output<20>     |   15.139|
B<10>          |Output<21>     |   15.627|
B<10>          |Output<22>     |   15.264|
B<10>          |Output<23>     |   15.188|
B<10>          |Output<24>     |   14.875|
B<10>          |Output<25>     |   15.361|
B<10>          |Output<26>     |   14.834|
B<10>          |Output<27>     |   15.387|
B<10>          |Output<28>     |   15.449|
B<10>          |Output<29>     |   16.035|
B<10>          |Output<30>     |   15.736|
B<10>          |Output<31>     |   16.110|
B<10>          |Zero_Flag      |   20.103|
B<11>          |Output<0>      |   16.163|
B<11>          |Output<11>     |   15.103|
B<11>          |Output<12>     |   15.681|
B<11>          |Output<13>     |   15.063|
B<11>          |Output<14>     |   15.641|
B<11>          |Output<15>     |   15.782|
B<11>          |Output<16>     |   14.860|
B<11>          |Output<17>     |   15.387|
B<11>          |Output<18>     |   16.535|
B<11>          |Output<19>     |   15.337|
B<11>          |Output<20>     |   15.251|
B<11>          |Output<21>     |   15.568|
B<11>          |Output<22>     |   15.374|
B<11>          |Output<23>     |   15.129|
B<11>          |Output<24>     |   14.987|
B<11>          |Output<25>     |   15.302|
B<11>          |Output<26>     |   14.946|
B<11>          |Output<27>     |   15.499|
B<11>          |Output<28>     |   15.561|
B<11>          |Output<29>     |   15.976|
B<11>          |Output<30>     |   15.848|
B<11>          |Output<31>     |   16.222|
B<11>          |Zero_Flag      |   20.215|
B<12>          |Output<0>      |   17.298|
B<12>          |Output<12>     |   16.203|
B<12>          |Output<13>     |   15.587|
B<12>          |Output<14>     |   16.271|
B<12>          |Output<15>     |   16.443|
B<12>          |Output<16>     |   15.524|
B<12>          |Output<17>     |   16.070|
B<12>          |Output<18>     |   17.199|
B<12>          |Output<19>     |   16.001|
B<12>          |Output<20>     |   15.915|
B<12>          |Output<21>     |   16.251|
B<12>          |Output<22>     |   16.038|
B<12>          |Output<23>     |   15.812|
B<12>          |Output<24>     |   15.651|
B<12>          |Output<25>     |   15.985|
B<12>          |Output<26>     |   15.610|
B<12>          |Output<27>     |   16.163|
B<12>          |Output<28>     |   16.225|
B<12>          |Output<29>     |   16.659|
B<12>          |Output<30>     |   16.512|
B<12>          |Output<31>     |   16.886|
B<12>          |Zero_Flag      |   20.879|
B<13>          |Output<0>      |   16.659|
B<13>          |Output<13>     |   14.908|
B<13>          |Output<14>     |   15.254|
B<13>          |Output<15>     |   15.426|
B<13>          |Output<16>     |   14.567|
B<13>          |Output<17>     |   15.468|
B<13>          |Output<18>     |   16.181|
B<13>          |Output<19>     |   14.983|
B<13>          |Output<20>     |   14.897|
B<13>          |Output<21>     |   15.649|
B<13>          |Output<22>     |   15.286|
B<13>          |Output<23>     |   15.210|
B<13>          |Output<24>     |   14.871|
B<13>          |Output<25>     |   15.383|
B<13>          |Output<26>     |   14.817|
B<13>          |Output<27>     |   15.193|
B<13>          |Output<28>     |   15.415|
B<13>          |Output<29>     |   16.057|
B<13>          |Output<30>     |   15.754|
B<13>          |Output<31>     |   15.868|
B<13>          |Zero_Flag      |   19.948|
B<14>          |Output<0>      |   17.104|
B<14>          |Output<14>     |   15.673|
B<14>          |Output<15>     |   15.838|
B<14>          |Output<16>     |   14.946|
B<14>          |Output<17>     |   15.552|
B<14>          |Output<18>     |   16.621|
B<14>          |Output<19>     |   15.423|
B<14>          |Output<20>     |   15.337|
B<14>          |Output<21>     |   15.733|
B<14>          |Output<22>     |   15.460|
B<14>          |Output<23>     |   15.294|
B<14>          |Output<24>     |   15.073|
B<14>          |Output<25>     |   15.467|
B<14>          |Output<26>     |   15.032|
B<14>          |Output<27>     |   15.585|
B<14>          |Output<28>     |   15.647|
B<14>          |Output<29>     |   16.141|
B<14>          |Output<30>     |   15.934|
B<14>          |Output<31>     |   16.308|
B<14>          |Zero_Flag      |   20.393|
B<15>          |Output<0>      |   16.567|
B<15>          |Output<15>     |   15.820|
B<15>          |Output<16>     |   14.940|
B<15>          |Output<17>     |   15.153|
B<15>          |Output<18>     |   16.615|
B<15>          |Output<19>     |   15.417|
B<15>          |Output<20>     |   15.331|
B<15>          |Output<21>     |   15.457|
B<15>          |Output<22>     |   15.454|
B<15>          |Output<23>     |   15.049|
B<15>          |Output<24>     |   15.067|
B<15>          |Output<25>     |   15.143|
B<15>          |Output<26>     |   15.026|
B<15>          |Output<27>     |   15.579|
B<15>          |Output<28>     |   15.641|
B<15>          |Output<29>     |   15.930|
B<15>          |Output<30>     |   15.928|
B<15>          |Output<31>     |   16.302|
B<15>          |Zero_Flag      |   20.295|
B<16>          |Output<0>      |   16.918|
B<16>          |Output<16>     |   14.721|
B<16>          |Output<17>     |   15.256|
B<16>          |Output<18>     |   16.504|
B<16>          |Output<19>     |   15.337|
B<16>          |Output<20>     |   15.254|
B<16>          |Output<21>     |   15.596|
B<16>          |Output<22>     |   15.377|
B<16>          |Output<23>     |   15.157|
B<16>          |Output<24>     |   14.990|
B<16>          |Output<25>     |   15.330|
B<16>          |Output<26>     |   14.949|
B<16>          |Output<27>     |   15.502|
B<16>          |Output<28>     |   15.564|
B<16>          |Output<29>     |   16.004|
B<16>          |Output<30>     |   15.851|
B<16>          |Output<31>     |   16.225|
B<16>          |Zero_Flag      |   20.207|
B<17>          |Output<0>      |   16.584|
B<17>          |Output<17>     |   14.931|
B<17>          |Output<18>     |   16.401|
B<17>          |Output<19>     |   15.234|
B<17>          |Output<20>     |   15.150|
B<17>          |Output<21>     |   15.348|
B<17>          |Output<22>     |   15.273|
B<17>          |Output<23>     |   14.909|
B<17>          |Output<24>     |   14.886|
B<17>          |Output<25>     |   15.082|
B<17>          |Output<26>     |   14.845|
B<17>          |Output<27>     |   15.398|
B<17>          |Output<28>     |   15.460|
B<17>          |Output<29>     |   15.756|
B<17>          |Output<30>     |   15.747|
B<17>          |Output<31>     |   16.121|
B<17>          |Zero_Flag      |   20.081|
B<18>          |Output<0>      |   16.632|
B<18>          |Output<18>     |   16.140|
B<18>          |Output<19>     |   14.966|
B<18>          |Output<20>     |   14.910|
B<18>          |Output<21>     |   15.236|
B<18>          |Output<22>     |   15.033|
B<18>          |Output<23>     |   14.797|
B<18>          |Output<24>     |   14.646|
B<18>          |Output<25>     |   14.970|
B<18>          |Output<26>     |   14.605|
B<18>          |Output<27>     |   15.158|
B<18>          |Output<28>     |   15.220|
B<18>          |Output<29>     |   15.644|
B<18>          |Output<30>     |   15.507|
B<18>          |Output<31>     |   15.881|
B<18>          |Zero_Flag      |   19.921|
B<19>          |Output<0>      |   16.444|
B<19>          |Output<19>     |   15.177|
B<19>          |Output<20>     |   15.133|
B<19>          |Output<21>     |   15.290|
B<19>          |Output<22>     |   15.256|
B<19>          |Output<23>     |   14.851|
B<19>          |Output<24>     |   14.869|
B<19>          |Output<25>     |   15.024|
B<19>          |Output<26>     |   14.828|
B<19>          |Output<27>     |   15.381|
B<19>          |Output<28>     |   15.443|
B<19>          |Output<29>     |   15.732|
B<19>          |Output<30>     |   15.730|
B<19>          |Output<31>     |   16.104|
B<19>          |Zero_Flag      |   19.816|
B<20>          |Output<0>      |   17.025|
B<20>          |Output<20>     |   15.309|
B<20>          |Output<21>     |   15.695|
B<20>          |Output<22>     |   15.540|
B<20>          |Output<23>     |   15.381|
B<20>          |Output<24>     |   15.187|
B<20>          |Output<25>     |   15.588|
B<20>          |Output<26>     |   15.146|
B<20>          |Output<27>     |   15.699|
B<20>          |Output<28>     |   15.761|
B<20>          |Output<29>     |   16.262|
B<20>          |Output<30>     |   16.048|
B<20>          |Output<31>     |   16.422|
B<20>          |Zero_Flag      |   20.314|
B<21>          |Output<0>      |   16.855|
B<21>          |Output<21>     |   15.446|
B<21>          |Output<22>     |   15.359|
B<21>          |Output<23>     |   15.228|
B<21>          |Output<24>     |   15.005|
B<21>          |Output<25>     |   15.416|
B<21>          |Output<26>     |   14.964|
B<21>          |Output<27>     |   15.517|
B<21>          |Output<28>     |   15.579|
B<21>          |Output<29>     |   16.090|
B<21>          |Output<30>     |   15.866|
B<21>          |Output<31>     |   16.240|
B<21>          |Zero_Flag      |   20.144|
B<22>          |Output<0>      |   17.258|
B<22>          |Output<22>     |   15.569|
B<22>          |Output<23>     |   15.188|
B<22>          |Output<24>     |   15.236|
B<22>          |Output<25>     |   15.312|
B<22>          |Output<26>     |   15.195|
B<22>          |Output<27>     |   15.748|
B<22>          |Output<28>     |   15.810|
B<22>          |Output<29>     |   16.099|
B<22>          |Output<30>     |   16.097|
B<22>          |Output<31>     |   16.471|
B<22>          |Zero_Flag      |   20.547|
B<23>          |Output<0>      |   16.495|
B<23>          |Output<23>     |   14.709|
B<23>          |Output<24>     |   14.769|
B<23>          |Output<25>     |   14.845|
B<23>          |Output<26>     |   14.728|
B<23>          |Output<27>     |   15.281|
B<23>          |Output<28>     |   15.343|
B<23>          |Output<29>     |   15.632|
B<23>          |Output<30>     |   15.630|
B<23>          |Output<31>     |   16.004|
B<23>          |Zero_Flag      |   19.784|
B<24>          |Output<0>      |   17.443|
B<24>          |Output<24>     |   15.806|
B<24>          |Output<25>     |   15.885|
B<24>          |Output<26>     |   15.873|
B<24>          |Output<27>     |   16.457|
B<24>          |Output<28>     |   16.522|
B<24>          |Output<29>     |   16.811|
B<24>          |Output<30>     |   16.809|
B<24>          |Output<31>     |   17.183|
B<24>          |Zero_Flag      |   20.895|
B<25>          |Output<0>      |   16.679|
B<25>          |Output<25>     |   15.000|
B<25>          |Output<26>     |   14.838|
B<25>          |Output<27>     |   15.422|
B<25>          |Output<28>     |   15.486|
B<25>          |Output<29>     |   15.910|
B<25>          |Output<30>     |   15.773|
B<25>          |Output<31>     |   16.147|
B<25>          |Zero_Flag      |   19.968|
B<26>          |Output<0>      |   16.599|
B<26>          |Output<26>     |   14.463|
B<26>          |Output<27>     |   15.040|
B<26>          |Output<28>     |   15.132|
B<26>          |Output<29>     |   15.642|
B<26>          |Output<30>     |   15.419|
B<26>          |Output<31>     |   15.793|
B<26>          |Zero_Flag      |   19.888|
B<27>          |Output<0>      |   16.522|
B<27>          |Output<27>     |   15.187|
B<27>          |Output<28>     |   15.291|
B<27>          |Output<29>     |   15.580|
B<27>          |Output<30>     |   15.578|
B<27>          |Output<31>     |   15.952|
B<27>          |Zero_Flag      |   19.811|
B<28>          |Output<0>      |   16.611|
B<28>          |Output<28>     |   15.270|
B<28>          |Output<29>     |   15.562|
B<28>          |Output<30>     |   15.665|
B<28>          |Output<31>     |   16.070|
B<28>          |Zero_Flag      |   19.900|
B<29>          |Output<0>      |   16.140|
B<29>          |Output<29>     |   15.002|
B<29>          |Output<30>     |   15.173|
B<29>          |Output<31>     |   15.578|
B<29>          |Zero_Flag      |   19.429|
B<30>          |Output<0>      |   15.181|
B<30>          |Output<30>     |   15.374|
B<30>          |Output<31>     |   15.772|
B<30>          |Zero_Flag      |   19.460|
B<31>          |Output<0>      |   15.130|
B<31>          |Output<31>     |   15.520|
B<31>          |Zero_Flag      |   18.419|
---------------+---------------+---------+


Analysis completed Tue Feb 27 15:45:55 2018 
--------------------------------------------------------------------------------

Trace Settings:
-------------------------
Trace Settings 

Peak Memory Usage: 279 MB



